00:00 +0: loading C:/Users/ASUS/StudioProjects/msaratwasel_parent/test/features/absence/absence_history_page_test.dart
00:00 +0: (setUpAll)
00:00 +0: AbsenceHistoryPage Widget Suite 1. Displays empty state when no absence requests exist
[38;5;12m┌───────────────────────────────────────────────────────────────────────────────[0m
[38;5;12m│ 💡 🏗️ AppController: Instance created[0m
[38;5;12m└───────────────────────────────────────────────────────────────────────────────[0m
[38;5;12m┌───────────────────────────────────────────────────────────────────────────────[0m
[38;5;12m│ 💡 🚀 AppController: Starting optimized bootstrap...[0m
[38;5;12m└───────────────────────────────────────────────────────────────────────────────[0m
[38;5;12m┌───────────────────────────────────────────────────────────────────────────────[0m
[38;5;12m│ 💡 📊 [BOOTSTRAP] Step 1: Getting prefs...[0m
[38;5;12m└───────────────────────────────────────────────────────────────────────────────[0m
[38;5;12m┌───────────────────────────────────────────────────────────────────────────────[0m
[38;5;12m│ 💡 📊 [BOOTSTRAP] Step 1: Prefs received successfully[0m
[38;5;12m└───────────────────────────────────────────────────────────────────────────────[0m
[38;5;12m┌───────────────────────────────────────────────────────────────────────────────[0m
[38;5;12m│ 💡 📊 [BOOTSTRAP] Step 2: Reading access token...[0m
[38;5;12m└───────────────────────────────────────────────────────────────────────────────[0m
[38;5;12m┌───────────────────────────────────────────────────────────────────────────────[0m
[38;5;12m│ 💡 📊 [BOOTSTRAP] Step 2: Access token read finished. Token: FOUND[0m
[38;5;12m└───────────────────────────────────────────────────────────────────────────────[0m
[38;5;12m┌───────────────────────────────────────────────────────────────────────────────[0m
[38;5;12m│ 💡 📊 [BOOTSTRAP] Step 3: Reading user_name...[0m
[38;5;12m└───────────────────────────────────────────────────────────────────────────────[0m
[38;5;12m┌───────────────────────────────────────────────────────────────────────────────[0m
[38;5;12m│ 💡 📊 [BOOTSTRAP] Step 3: user_name = "Parent Test"[0m
[38;5;12m└───────────────────────────────────────────────────────────────────────────────[0m
[38;5;12m┌───────────────────────────────────────────────────────────────────────────────[0m
[38;5;12m│ 💡 🌐 [BOOTSTRAP] Accept-Language header set to "ar" early.[0m
[38;5;12m└───────────────────────────────────────────────────────────────────────────────[0m
[38;5;12m┌───────────────────────────────────────────────────────────────────────────────[0m
[38;5;12m│ 💡 📊 [BOOTSTRAP] Step 4: Auth evaluation...[0m
[38;5;12m└───────────────────────────────────────────────────────────────────────────────[0m
[38;5;12m┌───────────────────────────────────────────────────────────────────────────────[0m
[38;5;12m│ 💡 📊 [BOOTSTRAP] User is authenticated. Loading background tasks...[0m
[38;5;12m└───────────────────────────────────────────────────────────────────────────────[0m
[38;5;12m┌───────────────────────────────────────────────────────────────────────────────[0m
[38;5;12m│ 💡 📊 [BOOTSTRAP] Step 5: Core boot complete. Setting bootCompleted = true[0m
[38;5;12m└───────────────────────────────────────────────────────────────────────────────[0m
[38;5;12m┌───────────────────────────────────────────────────────────────────────────────[0m
[38;5;12m│ 💡 📊 [BOOTSTRAP] Finally block: Removing splash...[0m
[38;5;12m└───────────────────────────────────────────────────────────────────────────────[0m
┌───────────────────────────────────────────────────────────────────────────────
│ 🐛 👶 loadChildrenFromApi: calling /parent/children...
└───────────────────────────────────────────────────────────────────────────────
┌───────────────────────────────────────────────────────────────────────────────
│ 🐛 👶 Children API => 200 | body: {data: [], success: true}
└───────────────────────────────────────────────────────────────────────────────
┌───────────────────────────────────────────────────────────────────────────────
│ 🐛 ✅ Loaded 0 children
└───────────────────────────────────────────────────────────────────────────────
┌───────────────────────────────────────────────────────────────────────────────
│ 🐛 ✅ Profile loaded from API
└───────────────────────────────────────────────────────────────────────────────
══╡ EXCEPTION CAUGHT BY FLUTTER TEST FRAMEWORK ╞════════════════════════════════════════════════════
The following TestFailure was thrown running a test:
Expected: exactly one matching candidate
  Actual: _TextWidgetFinder:<Found 0 widgets with text "لا يوجد طلبات غياب سابقة": []>
   Which: means none were found but one was expected

When the exception was thrown, this was the stack:
#4      main.<anonymous closure>.<anonymous closure> (file:///C:/Users/ASUS/StudioProjects/msaratwasel_parent/test/features/absence/absence_history_page_test.dart:129:7)
<asynchronous suspension>
#5      testWidgets.<anonymous closure>.<anonymous closure> (package:flutter_test/src/widget_tester.dart:192:15)
<asynchronous suspension>
#6      TestWidgetsFlutterBinding._runTestBody (package:flutter_test/src/binding.dart:1682:5)
<asynchronous suspension>
<asynchronous suspension>
(elided one frame from package:stack_trace)

This was caught by the test expectation on the following line:
  file:///C:/Users/ASUS/StudioProjects/msaratwasel_parent/test/features/absence/absence_history_page_test.dart line 129
The test description was:
  1. Displays empty state when no absence requests exist
════════════════════════════════════════════════════════════════════════════════════════════════════
00:00 +0 -1: AbsenceHistoryPage Widget Suite 1. Displays empty state when no absence requests exist [E]
  Test failed. See exception logs above.
  The test description was: 1. Displays empty state when no absence requests exist
  
00:00 +0 -1: AbsenceHistoryPage Widget Suite 2. Displays requests with status badges, types, notes, rejection reasons, and dark mode
[38;5;12m┌───────────────────────────────────────────────────────────────────────────────[0m
[38;5;12m│ 💡 🏗️ AppController: Instance created[0m
[38;5;12m└───────────────────────────────────────────────────────────────────────────────[0m
[38;5;12m┌───────────────────────────────────────────────────────────────────────────────[0m
[38;5;12m│ 💡 🚀 AppController: Starting optimized bootstrap...[0m
[38;5;12m└───────────────────────────────────────────────────────────────────────────────[0m
[38;5;12m┌───────────────────────────────────────────────────────────────────────────────[0m
[38;5;12m│ 💡 📊 [BOOTSTRAP] Step 1: Getting prefs...[0m
[38;5;12m└───────────────────────────────────────────────────────────────────────────────[0m
[38;5;12m┌───────────────────────────────────────────────────────────────────────────────[0m
[38;5;12m│ 💡 📊 [BOOTSTRAP] Step 1: Prefs received successfully[0m
[38;5;12m└───────────────────────────────────────────────────────────────────────────────[0m
[38;5;12m┌───────────────────────────────────────────────────────────────────────────────[0m
[38;5;12m│ 💡 📊 [BOOTSTRAP] Step 2: Reading access token...[0m
[38;5;12m└───────────────────────────────────────────────────────────────────────────────[0m
[38;5;12m┌───────────────────────────────────────────────────────────────────────────────[0m
[38;5;12m│ 💡 📊 [BOOTSTRAP] Step 2: Access token read finished. Token: FOUND[0m
[38;5;12m└───────────────────────────────────────────────────────────────────────────────[0m
[38;5;12m┌───────────────────────────────────────────────────────────────────────────────[0m
[38;5;12m│ 💡 📊 [BOOTSTRAP] Step 3: Reading user_name...[0m
[38;5;12m└───────────────────────────────────────────────────────────────────────────────[0m
[38;5;12m┌───────────────────────────────────────────────────────────────────────────────[0m
[38;5;12m│ 💡 📊 [BOOTSTRAP] Step 3: user_name = "Parent Test"[0m
[38;5;12m└───────────────────────────────────────────────────────────────────────────────[0m
[38;5;12m┌───────────────────────────────────────────────────────────────────────────────[0m
[38;5;12m│ 💡 🌐 [BOOTSTRAP] Accept-Language header set to "ar" early.[0m
[38;5;12m└───────────────────────────────────────────────────────────────────────────────[0m
[38;5;12m┌───────────────────────────────────────────────────────────────────────────────[0m
[38;5;12m│ 💡 📊 [BOOTSTRAP] Step 4: Auth evaluation...[0m
[38;5;12m└───────────────────────────────────────────────────────────────────────────────[0m
[38;5;12m┌───────────────────────────────────────────────────────────────────────────────[0m
[38;5;12m│ 💡 📊 [BOOTSTRAP] User is authenticated. Loading background tasks...[0m
[38;5;12m└───────────────────────────────────────────────────────────────────────────────[0m
[38;5;12m┌───────────────────────────────────────────────────────────────────────────────[0m
[38;5;12m│ 💡 📊 [BOOTSTRAP] Step 5: Core boot complete. Setting bootCompleted = true[0m
[38;5;12m└───────────────────────────────────────────────────────────────────────────────[0m
[38;5;12m┌───────────────────────────────────────────────────────────────────────────────[0m
[38;5;12m│ 💡 📊 [BOOTSTRAP] Finally block: Removing splash...[0m
[38;5;12m└───────────────────────────────────────────────────────────────────────────────[0m
┌───────────────────────────────────────────────────────────────────────────────
│ 🐛 👶 loadChildrenFromApi: calling /parent/children...
└───────────────────────────────────────────────────────────────────────────────
┌───────────────────────────────────────────────────────────────────────────────
│ 🐛 👶 Children API => 200 | body: {data: [], success: true}
└───────────────────────────────────────────────────────────────────────────────
┌───────────────────────────────────────────────────────────────────────────────
│ 🐛 ✅ Loaded 0 children
└───────────────────────────────────────────────────────────────────────────────
┌───────────────────────────────────────────────────────────────────────────────
│ 🐛 ✅ Profile loaded from API
└───────────────────────────────────────────────────────────────────────────────
┌───────────────────────────────────────────────────────────────────────────────
│ 🐛 ℹ️ _runTrackingPollCycle: No students found. Setting _isTrackingInitialFetchDone = true
└───────────────────────────────────────────────────────────────────────────────
00:01 +1 -1: AbsenceHistoryPage Widget Suite 3. Handles notification tap deep linking check in didChangeDependencies
[38;5;12m┌───────────────────────────────────────────────────────────────────────────────[0m
[38;5;12m│ 💡 🏗️ AppController: Instance created[0m
[38;5;12m└───────────────────────────────────────────────────────────────────────────────[0m
[38;5;12m┌───────────────────────────────────────────────────────────────────────────────[0m
[38;5;12m│ 💡 🚀 AppController: Starting optimized bootstrap...[0m
[38;5;12m└───────────────────────────────────────────────────────────────────────────────[0m
[38;5;12m┌───────────────────────────────────────────────────────────────────────────────[0m
[38;5;12m│ 💡 📊 [BOOTSTRAP] Step 1: Getting prefs...[0m
[38;5;12m└───────────────────────────────────────────────────────────────────────────────[0m
[38;5;12m┌───────────────────────────────────────────────────────────────────────────────[0m
[38;5;12m│ 💡 📊 [BOOTSTRAP] Step 1: Prefs received successfully[0m
[38;5;12m└───────────────────────────────────────────────────────────────────────────────[0m
[38;5;12m┌───────────────────────────────────────────────────────────────────────────────[0m
[38;5;12m│ 💡 📊 [BOOTSTRAP] Step 2: Reading access token...[0m
[38;5;12m└───────────────────────────────────────────────────────────────────────────────[0m
[38;5;12m┌───────────────────────────────────────────────────────────────────────────────[0m
[38;5;12m│ 💡 📊 [BOOTSTRAP] Step 2: Access token read finished. Token: FOUND[0m
[38;5;12m└───────────────────────────────────────────────────────────────────────────────[0m
[38;5;12m┌───────────────────────────────────────────────────────────────────────────────[0m
[38;5;12m│ 💡 📊 [BOOTSTRAP] Step 3: Reading user_name...[0m
[38;5;12m└───────────────────────────────────────────────────────────────────────────────[0m
[38;5;12m┌───────────────────────────────────────────────────────────────────────────────[0m
[38;5;12m│ 💡 📊 [BOOTSTRAP] Step 3: user_name = "Parent Test"[0m
[38;5;12m└───────────────────────────────────────────────────────────────────────────────[0m
[38;5;12m┌───────────────────────────────────────────────────────────────────────────────[0m
[38;5;12m│ 💡 🌐 [BOOTSTRAP] Accept-Language header set to "ar" early.[0m
[38;5;12m└───────────────────────────────────────────────────────────────────────────────[0m
[38;5;12m┌───────────────────────────────────────────────────────────────────────────────[0m
[38;5;12m│ 💡 📊 [BOOTSTRAP] Step 4: Auth evaluation...[0m
[38;5;12m└───────────────────────────────────────────────────────────────────────────────[0m
[38;5;12m┌───────────────────────────────────────────────────────────────────────────────[0m
[38;5;12m│ 💡 📊 [BOOTSTRAP] User is authenticated. Loading background tasks...[0m
[38;5;12m└───────────────────────────────────────────────────────────────────────────────[0m
[38;5;12m┌───────────────────────────────────────────────────────────────────────────────[0m
[38;5;12m│ 💡 📊 [BOOTSTRAP] Step 5: Core boot complete. Setting bootCompleted = true[0m
[38;5;12m└───────────────────────────────────────────────────────────────────────────────[0m
[38;5;12m┌───────────────────────────────────────────────────────────────────────────────[0m
[38;5;12m│ 💡 📊 [BOOTSTRAP] Finally block: Removing splash...[0m
[38;5;12m└───────────────────────────────────────────────────────────────────────────────[0m
┌───────────────────────────────────────────────────────────────────────────────
│ 🐛 👶 loadChildrenFromApi: calling /parent/children...
└───────────────────────────────────────────────────────────────────────────────
┌───────────────────────────────────────────────────────────────────────────────
│ 🐛 👶 Children API => 200 | body: {data: [], success: true}
└───────────────────────────────────────────────────────────────────────────────
┌───────────────────────────────────────────────────────────────────────────────
│ 🐛 ✅ Loaded 0 children
└───────────────────────────────────────────────────────────────────────────────
┌───────────────────────────────────────────────────────────────────────────────
│ 🐛 ✅ Profile loaded from API
└───────────────────────────────────────────────────────────────────────────────
┌───────────────────────────────────────────────────────────────────────────────
│ 🐛 ℹ️ _runTrackingPollCycle: No students found. Setting _isTrackingInitialFetchDone = true
└───────────────────────────────────────────────────────────────────────────────
00:01 +2 -1: (tearDownAll)
00:01 +2 -1: Some tests failed.
